（已开启「松开」事件记录，只过滤扫描码 0x63）
========================================================================
Fn 探针运行中，监听 60 秒。
请依次按：
  1) Fn 单独按 5 次以上
  2) Fn + F1 / F2 / F3
  3) Fn + 方向键
  4) Fn + Esc
  5) 普通字母 A 和 B 各按一次（对照组，证明探针在工作）
========================================================================

23.40s  HOOK  [HOOK     ] [按下] scancode=0x63 E0 vkCode=0xFF      
23.41s  RAW   [RAW 键盘] [按下] scancode=0x63 E0   vkCode=0xFF       msg=0x0100
25.55s  HOOK  [HOOK     ] [松开] scancode=0x63 E0 vkCode=0xFF      
25.56s  RAW   [RAW 键盘] [松开] scancode=0x63 E0   vkCode=0xFF       msg=0x0101
26.78s  HOOK  [HOOK     ] [按下] scancode=0x63 E0 vkCode=0xFF      
26.79s  RAW   [RAW 键盘] [按下] scancode=0x63 E0   vkCode=0xFF       msg=0x0100
27.23s  HOOK  [HOOK     ] [松开] scancode=0x63 E0 vkCode=0xFF      
27.24s  RAW   [RAW 键盘] [松开] scancode=0x63 E0   vkCode=0xFF       msg=0x0101
28.48s  HOOK  [HOOK     ] [按下] scancode=0x63 E0 vkCode=0xFF      
28.49s  RAW   [RAW 键盘] [按下] scancode=0x63 E0   vkCode=0xFF       msg=0x0100
28.92s  HOOK  [HOOK     ] [松开] scancode=0x63 E0 vkCode=0xFF      
28.93s  RAW   [RAW 键盘] [松开] scancode=0x63 E0   vkCode=0xFF       msg=0x0101
30.33s  HOOK  [HOOK     ] [按下] scancode=0x63 E0 vkCode=0xFF      
30.34s  RAW   [RAW 键盘] [按下] scancode=0x63 E0   vkCode=0xFF       msg=0x0100
30.78s  HOOK  [HOOK     ] [松开] scancode=0x63 E0 vkCode=0xFF      
30.79s  RAW   [RAW 键盘] [松开] scancode=0x63 E0   vkCode=0xFF       msg=0x0101
32.28s  HOOK  [HOOK     ] [按下] scancode=0x63 E0 vkCode=0xFF      
32.29s  RAW   [RAW 键盘] [按下] scancode=0x63 E0   vkCode=0xFF       msg=0x0100
33.01s  HOOK  [HOOK     ] [松开] scancode=0x63 E0 vkCode=0xFF      
33.02s  RAW   [RAW 键盘] [松开] scancode=0x63 E0   vkCode=0xFF       msg=0x0101
34.25s  HOOK  [HOOK     ] [按下] scancode=0x63 E0 vkCode=0xFF      
34.26s  RAW   [RAW 键盘] [按下] scancode=0x63 E0   vkCode=0xFF       msg=0x0100
34.83s  HOOK  [HOOK     ] [松开] scancode=0x63 E0 vkCode=0xFF      
34.84s  RAW   [RAW 键盘] [松开] scancode=0x63 E0   vkCode=0xFF       msg=0x0101
35.99s  HOOK  [HOOK     ] [按下] scancode=0x63 E0 vkCode=0xFF      
36.00s  RAW   [RAW 键盘] [按下] scancode=0x63 E0   vkCode=0xFF       msg=0x0100
36.52s  HOOK  [HOOK     ] [松开] scancode=0x63 E0 vkCode=0xFF      
36.53s  RAW   [RAW 键盘] [松开] scancode=0x63 E0   vkCode=0xFF       msg=0x0101
38.69s  HOOK  [HOOK     ] [按下] scancode=0x63 E0 vkCode=0xFF      
38.70s  RAW   [RAW 键盘] [按下] scancode=0x63 E0   vkCode=0xFF       msg=0x0100
39.15s  HOOK  [HOOK     ] [松开] scancode=0x63 E0 vkCode=0xFF      
39.16s  RAW   [RAW 键盘] [松开] scancode=0x63 E0   vkCode=0xFF       msg=0x0101
41.22s  HOOK  [HOOK     ] [按下] scancode=0x63 E0 vkCode=0xFF      
41.23s  RAW   [RAW 键盘] [按下] scancode=0x63 E0   vkCode=0xFF       msg=0x0100
41.33s  HOOK  [HOOK     ] [松开] scancode=0x63 E0 vkCode=0xFF      
41.34s  RAW   [RAW 键盘] [松开] scancode=0x63 E0   vkCode=0xFF       msg=0x0101

========================================================================
汇总：共捕获 36 条事件
========================================================================

--- HOOK 通道（低级键盘钩子）去重 ---
  [HOOK     ] [按下] scancode=0x63 E0 vkCode=0xFF      
  [HOOK     ] [松开] scancode=0x63 E0 vkCode=0xFF      

--- RAW 通道（HID 原始上报）去重 ---
  [RAW 键盘] [按下] scancode=0x63 E0   vkCode=0xFF       msg=0x0100
  [RAW 键盘] [松开] scancode=0x63 E0   vkCode=0xFF       msg=0x0101

--- 判读 ---
  ⚠️  连对照组的 A/B 键都没抓到 → 探针本身没工作，结果不可信。
      可能原因：脚本被安全软件拦截，或需要在真实桌面会话下运行。
