=== install started 2026-10-02T18:24:59.8067680+08:00 ===

=== Rustlang.Rustup ===
Found Rustup: the Rust toolchain installer [Rustlang.Rustup] Version 1.29.1
This application is licensed to you by its owner.
Microsoft is not responsible for, nor does it grant any licenses to, third-party packages.
Downloading https://static.rust-lang.org/rustup/archive/1.29.1/x86_64-pc-windows-msvc/rustup-init.exe
Successfully verified installer hash
Starting package install...
Successfully installed
EXIT=0

=== GoLang.Go ===
Found Go Programming Language [GoLang.Go] Version 1.27.0
This application is licensed to you by its owner.
Microsoft is not responsible for, nor does it grant any licenses to, third-party packages.
Downloading https://go.dev/dl/go1.27.0.windows-amd64.msi
Successfully verified installer hash
Starting package install...
Successfully installed
EXIT=0

=== MSYS2.MSYS2 ===
Found MSYS2 Installer [MSYS2.MSYS2] Version 20260611
This application is licensed to you by its owner.
Microsoft is not responsible for, nor does it grant any licenses to, third-party packages.
Downloading https://github.com/msys2/msys2-installer/releases/download/2026-06-11/msys2-x86_64-20260611.exe
Successfully verified installer hash
Starting package install...
Successfully installed
EXIT=0
=== done 2026-10-02T18:34:09.3205316+08:00 ===
